// Jest Snapshot v1, https://goo.gl/fbAQLP

exports[`Give a FilterTree component When it is rendered Then matches the previous snapshot 1`] = `
<div>
  <div>
    <div
      class="css-1fe7u86 ui-CheckboxTree css-31e9iq-CheckboxTree"
    >
      <div
        class="react-checkbox-tree rct-icons-fa4"
        id="rct-HMCkom9OSfxu9-1P_aGkC"
      >
        <ol>
          <li
            class="rct-node rct-node-parent rct-node-expanded"
          >
            <span
              class="rct-text"
            >
              <button
                aria-label="Toggle"
                class="rct-collapse rct-collapse-btn"
                title="Toggle"
                type="button"
              >
                <span
                  class="ui-Icon css-1sivg29 css-1yr9sja-Icon"
                >
                  <iconmock />
                </span>
              </button>
              <label
                for="rct-HMCkom9OSfxu9-1P_aGkC-UK"
              >
                <input
                  checked=""
                  id="rct-HMCkom9OSfxu9-1P_aGkC-UK"
                  type="checkbox"
                />
                <span
                  aria-checked="true"
                  aria-disabled="false"
                  class="rct-checkbox"
                  role="checkbox"
                  tabindex="0"
                >
                  <span
                    class="rct-icon rct-icon-check"
                  />
                </span>
                <span
                  class="rct-node-icon"
                />
                <span
                  class="rct-title"
                >
                  UK
                </span>
              </label>
            </span>
            <ol>
              <li
                class="rct-node rct-node-leaf"
              >
                <span
                  class="rct-text"
                >
                  <span
                    class="rct-collapse"
                  >
                    <span
                      class="rct-icon"
                    />
                  </span>
                  <label
                    for="rct-HMCkom9OSfxu9-1P_aGkC-UK,_Wales"
                  >
                    <input
                      checked=""
                      id="rct-HMCkom9OSfxu9-1P_aGkC-UK,_Wales"
                      type="checkbox"
                    />
                    <span
                      aria-checked="true"
                      aria-disabled="false"
                      class="rct-checkbox"
                      role="checkbox"
                      tabindex="0"
                    >
                      <span
                        class="rct-icon rct-icon-check"
                      />
                    </span>
                    <span
                      class="rct-node-icon"
                    />
                    <span
                      class="rct-title"
                    >
                      Wales
                    </span>
                  </label>
                </span>
              </li>
            </ol>
          </li>
          <li
            class="rct-node rct-node-leaf"
          >
            <span
              class="rct-text"
            >
              <span
                class="rct-collapse"
              >
                <span
                  class="rct-icon"
                />
              </span>
              <label
                for="rct-HMCkom9OSfxu9-1P_aGkC-India"
              >
                <input
                  id="rct-HMCkom9OSfxu9-1P_aGkC-India"
                  type="checkbox"
                />
                <span
                  aria-checked="false"
                  aria-disabled="false"
                  class="rct-checkbox"
                  role="checkbox"
                  tabindex="0"
                >
                  <span
                    class="rct-icon rct-icon-uncheck"
                  />
                </span>
                <span
                  class="rct-node-icon"
                />
                <span
                  class="rct-title"
                >
                  <span
                    class="checkbox-text"
                  >
                    India
                  </span>
                </span>
              </label>
            </span>
          </li>
          <li
            class="rct-node rct-node-leaf"
          >
            <span
              class="rct-text"
            >
              <span
                class="rct-collapse"
              >
                <span
                  class="rct-icon"
                />
              </span>
              <label
                for="rct-HMCkom9OSfxu9-1P_aGkC-International"
              >
                <input
                  id="rct-HMCkom9OSfxu9-1P_aGkC-International"
                  type="checkbox"
                />
                <span
                  aria-checked="false"
                  aria-disabled="false"
                  class="rct-checkbox"
                  role="checkbox"
                  tabindex="0"
                >
                  <span
                    class="rct-icon rct-icon-uncheck"
                  />
                </span>
                <span
                  class="rct-node-icon"
                />
                <span
                  class="rct-title"
                >
                  <span
                    class="checkbox-text"
                  >
                    International
                  </span>
                </span>
              </label>
            </span>
          </li>
          <li
            class="rct-node rct-node-leaf"
          >
            <span
              class="rct-text"
            >
              <span
                class="rct-collapse"
              >
                <span
                  class="rct-icon"
                />
              </span>
              <label
                for="rct-HMCkom9OSfxu9-1P_aGkC-Worldwide"
              >
                <input
                  id="rct-HMCkom9OSfxu9-1P_aGkC-Worldwide"
                  type="checkbox"
                />
                <span
                  aria-checked="false"
                  aria-disabled="false"
                  class="rct-checkbox"
                  role="checkbox"
                  tabindex="0"
                >
                  <span
                    class="rct-icon rct-icon-uncheck"
                  />
                </span>
                <span
                  class="rct-node-icon"
                />
                <span
                  class="rct-title"
                >
                  <span
                    class="checkbox-text"
                  >
                    Worldwide
                  </span>
                </span>
              </label>
            </span>
          </li>
        </ol>
      </div>
    </div>
  </div>
</div>
`;
