// Jest Snapshot v1, https://goo.gl/fbAQLP

exports[`Given the AccountDatasetsContent component When it is rendered And has data Then matches the previous snapshot 1`] = `
<div>
  <div
    class="css-1fe7u86 row"
  >
    <div
      class="col-lg-6"
    >
      <div
        class="ui-Input ui-SearchInput css-nxqzw4 css-107dhd5-Input input-group"
      >
        <div
          class="css-j8o1xl-Input input-group-prepend"
        >
          <span
            class="icon-mock"
          >
            Icon
          </span>
        </div>
        <input
          class="form-control"
          name="search"
          placeholder="Search within pending approval"
          value=""
        />
      </div>
    </div>
    <div
      class="col-lg-2"
    />
    <div
      class="d-flex justify-content-end col-lg-4"
    >
      <div
        class="ui-SortDropdown css-qy5j8w css-16k9oib-SortDropdown"
      >
        <div
          class="ui-Dropdown css-1sivg29 css-1quv89l-SortDropdown dropdown"
        >
          <button
            aria-expanded="false"
            aria-haspopup="true"
            class="dropdown-toggle btn btn-primary"
            type="button"
          >
            Latest
          </button>
        </div>
        <button
          class="css-11u46hl-SortDropdown btn btn-link"
          ml="2"
          type="button"
        >
          <span
            class="ui-SortDropdown__desc"
          >
            <span
              class="icon-mock"
            >
              Icon
            </span>
          </span>
        </button>
      </div>
    </div>
  </div>
  <div
    style="margin-top: 8px;"
  />
</div>
`;
