// Jest Snapshot v1, https://goo.gl/fbAQLP

exports[`Given the WysiwygEditor component When it is rendered And the content is changed Then calls the correct methods 1`] = `
<div>
  <div
    class="ui-LayoutBox ui-WysiwygEditor css-gkdke2-WysiwygEditor css-1k6rz1e"
  >
    <input
      data-testid="editor"
    />
  </div>
</div>
`;
