// Jest Snapshot v1, https://goo.gl/fbAQLP

exports[`Given the ListInfo component When it is rendered Then matches the previous snapshot 1`] = `
<div>
  <div
    class="ui-LayoutBox css-1sivg29"
  >
    <ul
      class="ui-ListInfo additional-classname css-1jupbku-ListInfo"
    >
      <li
        class="css-y6xtl4-ListInfo"
      >
        <div
          class="css-33n8h-ListInfo"
        >
          Label 1
        </div>
        <div>
          Value 1
        </div>
      </li>
      <li
        class="css-y6xtl4-ListInfo"
      >
        <div
          class="css-33n8h-ListInfo"
        >
          Label 2
        </div>
        <div>
          Value 2
        </div>
      </li>
    </ul>
  </div>
</div>
`;
